src/App.tsx(28,5): error TS2339: Property 'setHistoryData' does not exist on type 'AppState'.
src/components/Shell.tsx(20,33): error TS2339: Property 'toggleTheme' does not exist on type 'AppState'.
src/pages/Autoauditoria.tsx(8,8): error TS2613: Module '"C:/Users/joh_gomes/Desktop/som--sistema-operacional-magalu/src/components/AutoauditoriaRow"' has no default export. Did you mean to use 'import { AutoauditoriaRow } from "C:/Users/joh_gomes/Desktop/som--sistema-operacional-magalu/src/components/AutoauditoriaRow"' instead?
